// Jest Snapshot v1, https://goo.gl/fbAQLP

exports[`PopupComponent renders markup to snapshot 1`] = `
<app-popup
  popup={[Function PopupService]}
>
  <div />
</app-popup>
`;
