// Jest Snapshot v1, https://goo.gl/fbAQLP

exports[`UserComponent renders markup to snapshot 1`] = `
<app-user>
  <app-user-details />
</app-user>
`;
