// Jest Snapshot v1, https://goo.gl/fbAQLP

exports[`AppComponent renders markup to snapshot 1`] = `
<app-root
  store={[Function Object]}
  translate={[Function TranslateService]}
>
  <app-popup>
    Saving...
  </app-popup><div
    appspinner=""
  >
    <div />
    <div />
    <div />
    <div />
    <div />
    <div />
    <div />
  </div><div
    class="content"
  >
    <h3>
       Angular training 
    </h3>
    <div
      class="LoginAndLang"
    >
      <a
        href="/login"
        ng-reflect-router-link="/login"
        routerlink="/login"
      >
        login
      </a>
      <a>
        en
      </a>
      <a>
        ru
      </a>
    </div>
  </div><router-outlet />
</app-root>
`;
