// Jest Snapshot v1, https://goo.gl/fbAQLP

exports[`UserDropdownListComponent renders markup to snapshot 1`] = `
<app-user-dropdown-list>
  
</app-user-dropdown-list>
`;
